[svencreations.com/demo/slideshow.html]
[backblue.gif]
[fade.gif]
[index.html]
[svencreations.com/demo/images/icons/icon-196x196.png]
[svencreations.com/demo/images/icons/touch-icon-iphone.png]
[svencreations.com/demo/images/icons/touch-icon-ipad.png]
[svencreations.com/demo/images/icons/touch-icon-iphone-retina.png]
[svencreations.com/demo/images/icons/touch-icon-ipad-retina.png]
[maxcdn.bootstrapcdn.com/bootstrap/3.3.6/css/bootstrap.min.css]
[maxcdn.bootstrapcdn.com/font-awesome/4.5.0/css/font-awesome.min.css]
[svencreations.com/demo/css/sven-teaser.css]
[svencreations.com/demo/css/main.css]
[svencreations.com/demo/images/slideshow/slide-1.jpg]
[svencreations.com/demo/images/slideshow/slide-2.jpg]
[svencreations.com/demo/images/slideshow/slide-3.jpg]
[svencreations.com/demo/images/slideshow/slide-4.jpg]
[svencreations.com/demo/images/slideshow/slide-5.jpg]
[svencreations.com/demo/images/slideshow/slide-6.jpg]
[svencreations.com/demo/images/slideshow/slide-7.jpg]
[svencreations.com/demo/images/sven-logo4.png]
[ajax.googleapis.com/ajax/libs/jquery/1.11.3/jquery.min.js]
[maxcdn.bootstrapcdn.com/bootstrap/3.3.6/js/bootstrap.min.js]
[svencreations.com/demo/js/vendor/soundjs-NEXT.min.js]
[svencreations.com/demo/js/vendor/preloadjs-NEXT.min.js]
[svencreations.com/demo/js/vendor/sven-dependencies.js]
[svencreations.com/demo/js/main.js]
[www.google-analytics.com/analytics.js]
[svencreations.com/demo/slideshow.html]
[maxcdn.bootstrapcdn.com/bootstrap/3.3.6/css/bootstrap.min.css]
[maxcdn.bootstrapcdn.com/font-awesome/4.5.0/css/font-awesome.min.css]
[svencreations.com/demo/css/sven-teaser.css]
[svencreations.com/demo/css/main.css]
[svencreations.com/demo/js/sven-teaser.js]
[cdnjs.cloudflare.com/ajax/libs/gsap/1.18.2/TweenMax.min.js]
